[debug] [2026-01-18T19:30:11.819Z] ----------------------------------------------------------------------
[debug] [2026-01-18T19:30:11.821Z] Command:       C:\Program Files\nodejs\node.exe C:\Program Files\nodejs\node_modules\firebase-tools\lib\bin\firebase.js projects:list --json
[debug] [2026-01-18T19:30:11.822Z] CLI Version:   13.24.1
[debug] [2026-01-18T19:30:11.822Z] Platform:      win32
[debug] [2026-01-18T19:30:11.822Z] Node Version:  v23.1.0
[debug] [2026-01-18T19:30:11.822Z] Time:          Sun Jan 18 2026 21:30:11 GMT+0200 (Eastern European Standard Time)
[debug] [2026-01-18T19:30:11.822Z] ----------------------------------------------------------------------
[debug] 
[debug] [2026-01-18T19:30:11.829Z] > command requires scopes: ["email","openid","https://www.googleapis.com/auth/cloudplatformprojects.readonly","https://www.googleapis.com/auth/firebase","https://www.googleapis.com/auth/cloud-platform"]
[debug] [2026-01-18T19:30:11.830Z] > authorizing via signed-in user (nesmaty2000@gmail.com)
[debug] [2026-01-18T19:30:11.833Z] Checked if tokens are valid: false, expires at: 1750015542480
[debug] [2026-01-18T19:30:11.833Z] Checked if tokens are valid: false, expires at: 1750015542480
[debug] [2026-01-18T19:30:11.833Z] > refreshing access token with scopes: []
[debug] [2026-01-18T19:30:11.835Z] >>> [apiv2][query] POST https://www.googleapis.com/oauth2/v3/token [none]
[debug] [2026-01-18T19:30:11.835Z] >>> [apiv2][body] POST https://www.googleapis.com/oauth2/v3/token [omitted]
[debug] [2026-01-18T19:30:14.316Z] <<< [apiv2][status] POST https://www.googleapis.com/oauth2/v3/token 400
[debug] [2026-01-18T19:30:14.316Z] <<< [apiv2][body] POST https://www.googleapis.com/oauth2/v3/token [omitted]
[debug] [2026-01-18T19:30:14.316Z] >>> [apiv2][query] GET https://firebase.googleapis.com/v1beta1/projects pageSize=1000
[debug] [2026-01-18T19:30:14.822Z] <<< [apiv2][status] GET https://firebase.googleapis.com/v1beta1/projects 401
[debug] [2026-01-18T19:30:14.822Z] <<< [apiv2][body] GET https://firebase.googleapis.com/v1beta1/projects [omitted]
[debug] [2026-01-18T19:30:14.822Z] Got a 401 Unauthenticated error for a call that required authentication. Refreshing tokens.
[debug] [2026-01-18T19:30:14.822Z] Checked if tokens are valid: false, expires at: 1750015542480
[debug] [2026-01-18T19:30:14.822Z] Checked if tokens are valid: false, expires at: 1750015542480
[debug] [2026-01-18T19:30:14.822Z] > refreshing access token with scopes: []
[debug] [2026-01-18T19:30:14.822Z] >>> [apiv2][query] POST https://www.googleapis.com/oauth2/v3/token [none]
[debug] [2026-01-18T19:30:14.822Z] >>> [apiv2][body] POST https://www.googleapis.com/oauth2/v3/token [omitted]
[debug] [2026-01-18T19:30:14.951Z] <<< [apiv2][status] POST https://www.googleapis.com/oauth2/v3/token 400
[debug] [2026-01-18T19:30:14.951Z] <<< [apiv2][body] POST https://www.googleapis.com/oauth2/v3/token [omitted]
[debug] [2026-01-18T19:30:14.952Z] Request to https://firebase.googleapis.com/v1beta1/projects?pageSize=1000 had HTTP Error: 401, Request had invalid authentication credentials. Expected OAuth 2 access token, login cookie or other valid authentication credential. See https://developers.google.com/identity/sign-in/web/devconsole-project.
[debug] [2026-01-18T19:30:15.337Z] FirebaseError: Request to https://firebase.googleapis.com/v1beta1/projects?pageSize=1000 had HTTP Error: 401, Request had invalid authentication credentials. Expected OAuth 2 access token, login cookie or other valid authentication credential. See https://developers.google.com/identity/sign-in/web/devconsole-project.
    at responseToError (C:\Users\waleed\AppData\Roaming\nvm\v23.1.0\node_modules\firebase-tools\lib\responseToError.js:52:12)
    at RetryOperation._fn (C:\Users\waleed\AppData\Roaming\nvm\v23.1.0\node_modules\firebase-tools\lib\apiv2.js:312:77)
    at process.processTicksAndRejections (node:internal/process/task_queues:105:5)
[error] 
[error] Error: Failed to list Firebase projects. See firebase-debug.log for more info.
